// Jest Snapshot v1, https://goo.gl/fbAQLP

exports[`When user genre question form is not sent 1`] = `
Array [
  <button
    className="track__button track__button--play"
    onClick={[MockFunction]}
    type="button"
  />,
  <div
    className="track__status"
  >
    <audio
      src="path"
    />
  </div>,
]
`;
